Running migrations...
Migrations completed.
Business tables cleared.
Auto-seed failed: <ref *1> Error: spawnSync /bin/sh ENOENT
    at Object.spawnSync (node:internal/child_process:1120:20)
    at spawnSync (node:child_process:868:24)
    at execSync (node:child_process:949:15)
    at seedDatabase (/Users/yaoxiong/Downloads/下载文件/Compressed/app/server/src/index.ts:174:5)
    at start (/Users/yaoxiong/Downloads/下载文件/Compressed/app/server/src/index.ts:184:9) {
  errno: -2,
  code: 'ENOENT',
  syscall: 'spawnSync /bin/sh',
  path: '/bin/sh',
  spawnargs: [ '-c', 'npx tsx seedSystem.ts' ],
  error: [Circular *1],
  status: null,
  signal: null,
  output: null,
  pid: 0,
  stdout: undefined,
  stderr: undefined
}
Server running on port 3001
Environment: development
3:43:57 PM [tsx] change in ./src/routes/tasks.ts Restarting...
cRunning migrations...
Migrations completed.
Business tables cleared.
Auto-seed failed: <ref *1> Error: spawnSync /bin/sh ENOENT
    at Object.spawnSync (node:internal/child_process:1120:20)
    at spawnSync (node:child_process:868:24)
    at execSync (node:child_process:949:15)
    at seedDatabase (/Users/yaoxiong/Downloads/下载文件/Compressed/app/server/src/index.ts:174:5)
    at start (/Users/yaoxiong/Downloads/下载文件/Compressed/app/server/src/index.ts:184:9) {
  errno: -2,
  code: 'ENOENT',
  syscall: 'spawnSync /bin/sh',
  path: '/bin/sh',
  spawnargs: [ '-c', 'npx tsx seedSystem.ts' ],
  error: [Circular *1],
  status: null,
  signal: null,
  output: null,
  pid: 0,
  stdout: undefined,
  stderr: undefined
}
Server running on port 3001
Environment: development
3:44:14 PM [tsx] change in ./src/routes/users.ts Restarting...
cRunning migrations...
Migrations completed.
Business tables cleared.
Auto-seed failed: <ref *1> Error: spawnSync /bin/sh ENOENT
    at Object.spawnSync (node:internal/child_process:1120:20)
    at spawnSync (node:child_process:868:24)
    at execSync (node:child_process:949:15)
    at seedDatabase (/Users/yaoxiong/Downloads/下载文件/Compressed/app/server/src/index.ts:174:5)
    at start (/Users/yaoxiong/Downloads/下载文件/Compressed/app/server/src/index.ts:184:9) {
  errno: -2,
  code: 'ENOENT',
  syscall: 'spawnSync /bin/sh',
  path: '/bin/sh',
  spawnargs: [ '-c', 'npx tsx seedSystem.ts' ],
  error: [Circular *1],
  status: null,
  signal: null,
  output: null,
  pid: 0,
  stdout: undefined,
  stderr: undefined
}
Server running on port 3001
Environment: development
3:44:27 PM [tsx] change in ./src/routes/users.ts Restarting...
cRunning migrations...
Migrations completed.
Business tables cleared.
Auto-seed failed: <ref *1> Error: spawnSync /bin/sh ENOENT
    at Object.spawnSync (node:internal/child_process:1120:20)
    at spawnSync (node:child_process:868:24)
    at execSync (node:child_process:949:15)
    at seedDatabase (/Users/yaoxiong/Downloads/下载文件/Compressed/app/server/src/index.ts:174:5)
    at start (/Users/yaoxiong/Downloads/下载文件/Compressed/app/server/src/index.ts:184:9) {
  errno: -2,
  code: 'ENOENT',
  syscall: 'spawnSync /bin/sh',
  path: '/bin/sh',
  spawnargs: [ '-c', 'npx tsx seedSystem.ts' ],
  error: [Circular *1],
  status: null,
  signal: null,
  output: null,
  pid: 0,
  stdout: undefined,
  stderr: undefined
}
Server running on port 3001
Environment: development
3:44:47 PM [tsx] change in ./src/routes/reports.ts Restarting...
cRunning migrations...
Migrations completed.
Business tables cleared.
Auto-seed failed: <ref *1> Error: spawnSync /bin/sh ENOENT
    at Object.spawnSync (node:internal/child_process:1120:20)
    at spawnSync (node:child_process:868:24)
    at execSync (node:child_process:949:15)
    at seedDatabase (/Users/yaoxiong/Downloads/下载文件/Compressed/app/server/src/index.ts:174:5)
    at start (/Users/yaoxiong/Downloads/下载文件/Compressed/app/server/src/index.ts:184:9) {
  errno: -2,
  code: 'ENOENT',
  syscall: 'spawnSync /bin/sh',
  path: '/bin/sh',
  spawnargs: [ '-c', 'npx tsx seedSystem.ts' ],
  error: [Circular *1],
  status: null,
  signal: null,
  output: null,
  pid: 0,
  stdout: undefined,
  stderr: undefined
}
Server running on port 3001
Environment: development
